════════ 2026-07-19 19:34:57 — daily run ════════
── Przemek NOWY  (Benefit/Zdrofit) ──
NOWY  → Briefy/Benefit-Zdrofit/Treningi plenerowe Studio Fitness Acdemy - komunikacja.md
NOWY  → Briefy/Benefit-Zdrofit/katowice duży format.md
NOWY  → Briefy/Benefit-Zdrofit/Plakat - Chełm.md
NOWY  → Briefy/Benefit-Zdrofit/Zdro Płock - okna.md
DONE  → Briefy/Benefit-Zdrofit/Karuzela na Studio ZFFA.md
DONE  → Briefy/Benefit-Zdrofit/ING BIEGNIJ WARSZAWO - OOH.md
DONE  → Briefy/Benefit-Zdrofit/ZF Forest Zajęcia na tarasie.md
DONE  → Briefy/Benefit-Zdrofit/(MOTION) Trening Personalny - zniżka na pierwszy trening (Zdrofit).md
DONE  → Briefy/Benefit-Zdrofit/Promocja zajęć FA Sylwia Olejnik.md
DONE  → Briefy/Benefit-Zdrofit/rollup PARTNERZY.md

── Geers / Sonova  (Geers/Sonova) ──
NOWY  → Briefy/Geers-Sonova/Reklama to do.md
NOWY  → Briefy/Geers-Sonova/Reklama skojarzenia.md
FEEDBACK → Briefy/Geers-Sonova/Filmy do testowania aparatów słuchowych.md
FEEDBACK → Briefy/Geers-Sonova/Reklamy Paid - Lato & Jesień 2026 Brand.md
DONE  → Briefy/Geers-Sonova/Promocja LipiecSierpień 2026 Drybox.md

── Michalina + Reszek  (Archicom) ──
FEEDBACK → Briefy/Archicom/Prezenter - rzuty lokali i mieszkań - poziom.md
FEEDBACK → Briefy/Archicom/Katalog dla klienta - kwadrat.md
FEEDBACK → Briefy/Archicom/Folder - dla doradcy.md

── betterworkplace  (Daily Fruits) ──
Brak zmian.

── Hanoi 2026  (Hanoi) ──
NOWY  → Briefy/Hanoi/Musa - Pikto.md
FEEDBACK → Briefy/Hanoi/MUSA - Karuzela 1.md
DONE  → Briefy/Hanoi/DiMedical - Update Podstrony.md
DONE  → Briefy/Hanoi/Aktualizacja Karty Produktowej IK.md
DONE  → Briefy/Hanoi/Strona Piny (Patryk).md
DONE  → Briefy/Hanoi/MUSA - Karuzela 2.md

── Ada C tablica  (Ada) ──
NOWY  → Briefy/Ada/partyzantów joga.md
NOWY  → Briefy/Ada/ZDR0 nowe zajęcia Tychy stadion.md
NOWY  → Briefy/Ada/Peron bagry - event.md
NOWY  → Briefy/Ada/fizjoterapia plakaty.md
NOWY  → Briefy/Ada/reklama na przystanek - Zdrofit Dytmara.md
NOWY  → Briefy/Ada/PLAZA NOWE PLAKATY B1.md
NOWY  → Briefy/Ada/PLAZA NOWE PLAKATY B1 (6a578b).md
NOWY  → Briefy/Ada/ZDROFIT PLENERY.md
NOWY  → Briefy/Ada/katowice duży format.md
NOWY  → Briefy/Ada/Pilates na plaży - Rzeszów.md
NOWY  → Briefy/Ada/ZF Przy Agorze - plakaty B1.md
NOWY  → Briefy/Ada/JAWORZNO WIELKI FORMAT.md
NOWY  → Briefy/Ada/Ćwicz w zieleni z Multisportem.md
NOWY  → Briefy/Ada/NAKLEJKI NA GRUPY NA FB.md
NOWY  → Briefy/Ada/ZF Przy Agorze - plakaty B1 (6a5622).md
NOWY  → Briefy/Ada/Event FA Domar Zumba.md
NOWY  → Briefy/Ada/Zajęcia na plaży w Rewie.md
NOWY  → Briefy/Ada/hubertus.md
NOWY  → Briefy/Ada/branding na stoisko - Zdrofit Kraków.md
NOWY  → Briefy/Ada/ZF SZAMOCKA - grafiki.md
NOWY  → Briefy/Ada/banner Dywizjonu.md
NOWY  → Briefy/Ada/Reklama to do.md
NOWY  → Briefy/Ada/Reklama skojarzenia.md
NOWY  → Briefy/Ada/Profichem - Post + Baner.md
NOWY  → Briefy/Ada/Profichem - Newsletter.md
NOWY  → Briefy/Ada/Event FA Żerniki Rocket joga z Martą.md

── WALK ŁK  (WALK) ──
Brak zmian.

── Personal trello board  (Personal) ──
Brak zmian.

RAZEM zmian: 50
daily_note → OS/Daily/2026-07-19.md  (aktywne 47, pilne 9, feedback 7)

════════ 2026-08-07 06:39:31 — daily run ════════
── Przemek NOWY  (Benefit/Zdrofit) ──
NOWY  → Briefy/Benefit-Zdrofit/animacja - zostań trenerem personalnym - ogólna - Akademia Zdrofit.md
NOWY  → Briefy/Benefit-Zdrofit/ZDROFIT - Fabryka Wody - wspinaczka.md
NOWY  → Briefy/Benefit-Zdrofit/Broszurka ING Biegnij Warszawo.md
NOWY  → Briefy/Benefit-Zdrofit/KARUZELA BRYNOWSKA.md
NOWY  → Briefy/Benefit-Zdrofit/park trampolin zaproszenie.md
NOWY  → Briefy/Benefit-Zdrofit/ZDROFIT - LP Półmaraton Szczeciński.md
NOWY  → Briefy/Benefit-Zdrofit/dąbrowa górnicza backlight.md
NOWY  → Briefy/Benefit-Zdrofit/JOGA NA PLAŻY W HUBERTUS BEACH BAR.md
NOWY  → Briefy/Benefit-Zdrofit/(Wszystkie) Karnet Prezentowy 14 dniowy.md
NOWY  → Briefy/Benefit-Zdrofit/FA Rogowska - otwarcie po remoncie.md
NOWY  → Briefy/Benefit-Zdrofit/ZF Plakaty - karnet trenerski 499pln.md
NOWY  → Briefy/Benefit-Zdrofit/event- pilates o zachodzie słońca.md
NOWY  → Briefy/Benefit-Zdrofit/ASAP Prośba.md
NOWY  → Briefy/Benefit-Zdrofit/Fabryka Formy - dark posty.md
NOWY  → Briefy/Benefit-Zdrofit/ZF Otwock - wymiana oznakowania.md
FEEDBACK → Briefy/Benefit-Zdrofit/katowice duży format.md
DONE  → Briefy/Benefit-Zdrofit/Treningi plenerowe Studio Fitness Acdemy - komunikacja.md
DONE  → Briefy/Benefit-Zdrofit/Plakat - Chełm.md
DONE  → Briefy/Benefit-Zdrofit/Zdro Płock - okna.md

── Geers / Sonova  (Geers/Sonova) ──
NOWY  → Briefy/Geers-Sonova/(FILMY) Jestes z tego miasta grafika wyrozniki Video 0626 Master 1.md
NOWY  → Briefy/Geers-Sonova/(FILMY) Mieszkasz w Łodzi Video 0626 Master 4.md
NOWY  → Briefy/Geers-Sonova/(FILMY) Jesteś z tego miasta zdjęcie Video 0626 Master 2.md
NOWY  → Briefy/Geers-Sonova/(FILMY) Jestes z tego miasta grafika wyrozniki Video 0626 Master 5.md
NOWY  → Briefy/Geers-Sonova/(FILMY) Jestes z tego miasta grafika wyrozniki Video 0626 Master 3.md
NOWY  → Briefy/Geers-Sonova/Film morze.md
NOWY  → Briefy/Geers-Sonova/Zmień ikony w poście + animacja.md
NOWY  → Briefy/Geers-Sonova/Grafika artykuł ABCsenior.com.md
NOWY  → Briefy/Geers-Sonova/newsletter Drybox.md
NOWY  → Briefy/Geers-Sonova/Film las.md
NOWY  → Briefy/Geers-Sonova/Film miasto.md
NOWY  → Briefy/Geers-Sonova/Film góry.md
DONE  → Briefy/Geers-Sonova/SoMe Regularne - Lato & Jesień 2026.md
DONE  → Briefy/Geers-Sonova/Krótkie video Usłysz świat na nowo!.md
DONE  → Briefy/Geers-Sonova/Matrix Online.md
DONE  → Briefy/Geers-Sonova/Filmy do testowania aparatów słuchowych.md
DONE  → Briefy/Geers-Sonova/Reklama to do.md
DONE  → Briefy/Geers-Sonova/Reklama skojarzenia.md

── Michalina + Reszek  (Archicom) ──
FEEDBACK → Briefy/Archicom/Prezenter - rzuty lokali i mieszkań - poziom.md
FEEDBACK → Briefy/Archicom/Katalog dla klienta - kwadrat.md
FEEDBACK → Briefy/Archicom/Folder - dla doradcy.md

── betterworkplace  (Daily Fruits) ──
Brak zmian.

── Hanoi 2026  (Hanoi) ──
NOWY  → Briefy/Hanoi/MUSA - Karuzela 2 (6a4496).md
NOWY  → Briefy/Hanoi/Profichem - Rolka Produktowa.md
NOWY  → Briefy/Hanoi/IHub - Baner.md
DONE  → Briefy/Hanoi/MUSA - Karuzela 1.md
DONE  → Briefy/Hanoi/Musa - Pikto.md

── Ada C tablica  (Ada) ──
NOWY  → Briefy/Ada/park trampolin zaproszenie.md
NOWY  → Briefy/Ada/ZF Kraków Przybyszewskiego potykacze.md
NOWY  → Briefy/Ada/ZF Konstancin kontener - czekam na potwierdzenie godzin.md
NOWY  → Briefy/Ada/ZF Pastelowa wykjlejki szyb.md
NOWY  → Briefy/Ada/Wyklejki siatka na zewnątrz.md
NOWY  → Briefy/Ada/plakat ZF Opole na drzwi.md
NOWY  → Briefy/Ada/event- pilates o zachodzie słońca.md
NOWY  → Briefy/Ada/poprawa tabliczki - Zdrofit.md
NOWY  → Briefy/Ada/Rolka Hyrox.md
NOWY  → Briefy/Ada/ZF Plakaty - karnet trenerski 499pln.md
NOWY  → Briefy/Ada/Fabryka Formy - dark posty.md
NOWY  → Briefy/Ada/Zdrofit Koszalin - warsztaty.md
NOWY  → Briefy/Ada/tabliczki do klubów Zdrofit.md
NOWY  → Briefy/Ada/Post Jeśli lubisz....md
NOWY  → Briefy/Ada/JOGA NA PLAŻY W HUBERTUS BEACH BAR.md
NOWY  → Briefy/Ada/baner mysłowice + sosnowiec.md
NOWY  → Briefy/Ada/Broszurka ING Biegnij Warszawo.md
NOWY  → Briefy/Ada/JOGA NA PLAŻY W HUBERTUS BEACH BAR (6a68d7).md
NOWY  → Briefy/Ada/DARK POSTY.md
NOWY  → Briefy/Ada/Harmonogram pracy klubów 15 sierpnia.md
NOWY  → Briefy/Ada/Szablon serwis sprzątający.md
NOWY  → Briefy/Ada/tabliczki do klubów Zdrofit (6a6765).md
NOWY  → Briefy/Ada/godziny otwarcia saun - szablon.md
NOWY  → Briefy/Ada/reklama na przystanku Zdrofit Lindego.md
NOWY  → Briefy/Ada/Szablon do rodzajów kłódek.md
NOWY  → Briefy/Ada/Grafika artykuł ABCsenior.com.md
NOWY  → Briefy/Ada/Ulotka ZF Konstancin Faktoria.md
NOWY  → Briefy/Ada/Oznakowania zewnętrzne na budynku Opole.md
NOWY  → Briefy/Ada/reklama na przystanku Zdrofit Lindego (6a6344).md
NOWY  → Briefy/Ada/Harmonogram pracy klubów 15 sierpnia (6a636f).md
NOWY  → Briefy/Ada/ulotki ZF Kraków Przybyszewskiego (stella).md
NOWY  → Briefy/Ada/Okładka odcinka podcastu Ruch to z kim lubisz Dorota Szarłata.md
NOWY  → Briefy/Ada/ZF Banino - szyld i wyklejki w korytarzu.md
NOWY  → Briefy/Ada/FLAGI SPODEK I MCK.md
NOWY  → Briefy/Ada/Event na dachu Renomy Zumba.md
NOWY  → Briefy/Ada/Trybunka Zdro.md
NOWY  → Briefy/Ada/Event na dachu Renomy Zumba (6a621a).md
NOWY  → Briefy/Ada/Witryna w Galerii Madison.md
NOWY  → Briefy/Ada/Plakaty - techniki oddechowe & trening siłowy dla mężczyzn.md
NOWY  → Briefy/Ada/Zdrofit Szczecin - joga pod chmurką.md
NOWY  → Briefy/Ada/PLAZA NOWE PLAKATY B1 (6a5e2e).md
NOWY  → Briefy/Ada/Wesolandia - remont i przerwa technologiczna.md
NOWY  → Briefy/Ada/OOH CL Przybyszewskiego (Stella).md
NOWY  → Briefy/Ada/ZF Koneser dark post.md
NOWY  → Briefy/Ada/ZF Przy Agorze - plakaty B1 (6a5df7).md
NOWY  → Briefy/Ada/Dyplom uczestnictwa programu HR - Dzień w klubie.md
NOWY  → Briefy/Ada/Dyplom uczestnictwa programu HR - Dzień w klubie (6a5de9).md
NOWY  → Briefy/Ada/Zajęcia na plaży w Rewie (6a5dd8).md

── WALK ŁK  (WALK) ──
Brak zmian.

── Personal trello board  (Personal) ──
Brak zmian.

RAZEM zmian: 93
daily_note → OS/Daily/2026-08-07.md  (aktywne 114, pilne 6, feedback 5)

════════ 2026-08-12 04:15:36 — daily run ════════
── Przemek NOWY  (Benefit/Zdrofit) ──
Brak zmian.

── Geers / Sonova  (Geers/Sonova) ──
Brak zmian.

── Michalina + Reszek  (Archicom) ──
Brak zmian.

── betterworkplace  (Daily Fruits) ──
Brak zmian.

── Hanoi 2026  (Hanoi) ──
Brak zmian.

── Ada C tablica  (Ada) ──
DONE  → Briefy/Ada/MUSA - Karuzela 2.md
DONE  → Briefy/Ada/MUSA - Karuzela 1.md
DONE  → Briefy/Ada/rollup PARTNERZY.md
DONE  → Briefy/Ada/DNI OTWARTE ŚLASK.md
DONE  → Briefy/Ada/ULOTKA DNI OTWARTE.md
DONE  → Briefy/Ada/partyzantów joga.md
DONE  → Briefy/Ada/ZDR0 nowe zajęcia Tychy stadion.md
DONE  → Briefy/Ada/Peron bagry - event.md
DONE  → Briefy/Ada/fizjoterapia plakaty.md
DONE  → Briefy/Ada/reklama na przystanek - Zdrofit Dytmara.md
DONE  → Briefy/Ada/PLAZA NOWE PLAKATY B1.md
DONE  → Briefy/Ada/PLAZA NOWE PLAKATY B1 (6a578b).md
DONE  → Briefy/Ada/ZDROFIT PLENERY.md
DONE  → Briefy/Ada/katowice duży format.md
DONE  → Briefy/Ada/Pilates na plaży - Rzeszów.md
DONE  → Briefy/Ada/ZF Przy Agorze - plakaty B1.md
DONE  → Briefy/Ada/JAWORZNO WIELKI FORMAT.md
DONE  → Briefy/Ada/Ćwicz w zieleni z Multisportem.md
DONE  → Briefy/Ada/NAKLEJKI NA GRUPY NA FB.md
DONE  → Briefy/Ada/ZF Przy Agorze - plakaty B1 (6a5622).md
DONE  → Briefy/Ada/Event FA Domar Zumba.md
DONE  → Briefy/Ada/Zajęcia na plaży w Rewie.md
DONE  → Briefy/Ada/hubertus.md
DONE  → Briefy/Ada/branding na stoisko - Zdrofit Kraków.md
DONE  → Briefy/Ada/ZF SZAMOCKA - grafiki.md
DONE  → Briefy/Ada/banner Dywizjonu.md
DONE  → Briefy/Ada/Reklama to do.md
DONE  → Briefy/Ada/Reklama skojarzenia.md
DONE  → Briefy/Ada/Profichem - Post + Baner.md
DONE  → Briefy/Ada/Profichem - Newsletter.md
DONE  → Briefy/Ada/Event FA Żerniki Rocket joga z Martą.md
DONE  → Briefy/Ada/park trampolin zaproszenie.md
DONE  → Briefy/Ada/ZF Kraków Przybyszewskiego potykacze.md
DONE  → Briefy/Ada/ZF Konstancin kontener - czekam na potwierdzenie godzin.md
DONE  → Briefy/Ada/ZF Pastelowa wykjlejki szyb.md
DONE  → Briefy/Ada/Wyklejki siatka na zewnątrz.md
DONE  → Briefy/Ada/plakat ZF Opole na drzwi.md
DONE  → Briefy/Ada/event- pilates o zachodzie słońca.md
DONE  → Briefy/Ada/poprawa tabliczki - Zdrofit.md
DONE  → Briefy/Ada/Rolka Hyrox.md
DONE  → Briefy/Ada/ZF Plakaty - karnet trenerski 499pln.md
DONE  → Briefy/Ada/Fabryka Formy - dark posty.md
DONE  → Briefy/Ada/Zdrofit Koszalin - warsztaty.md
DONE  → Briefy/Ada/tabliczki do klubów Zdrofit.md
DONE  → Briefy/Ada/Post Jeśli lubisz....md
DONE  → Briefy/Ada/JOGA NA PLAŻY W HUBERTUS BEACH BAR.md
DONE  → Briefy/Ada/baner mysłowice + sosnowiec.md
DONE  → Briefy/Ada/Broszurka ING Biegnij Warszawo.md
DONE  → Briefy/Ada/JOGA NA PLAŻY W HUBERTUS BEACH BAR (6a68d7).md
DONE  → Briefy/Ada/DARK POSTY.md
DONE  → Briefy/Ada/Harmonogram pracy klubów 15 sierpnia.md
DONE  → Briefy/Ada/Szablon serwis sprzątający.md
DONE  → Briefy/Ada/tabliczki do klubów Zdrofit (6a6765).md
DONE  → Briefy/Ada/godziny otwarcia saun - szablon.md
DONE  → Briefy/Ada/reklama na przystanku Zdrofit Lindego.md
DONE  → Briefy/Ada/Szablon do rodzajów kłódek.md
DONE  → Briefy/Ada/Grafika artykuł ABCsenior.com.md
DONE  → Briefy/Ada/Ulotka ZF Konstancin Faktoria.md
DONE  → Briefy/Ada/Oznakowania zewnętrzne na budynku Opole.md
DONE  → Briefy/Ada/reklama na przystanku Zdrofit Lindego (6a6344).md
DONE  → Briefy/Ada/Harmonogram pracy klubów 15 sierpnia (6a636f).md
DONE  → Briefy/Ada/ulotki ZF Kraków Przybyszewskiego (stella).md
DONE  → Briefy/Ada/Okładka odcinka podcastu Ruch to z kim lubisz Dorota Szarłata.md
DONE  → Briefy/Ada/ZF Banino - szyld i wyklejki w korytarzu.md
DONE  → Briefy/Ada/FLAGI SPODEK I MCK.md
DONE  → Briefy/Ada/Event na dachu Renomy Zumba.md
DONE  → Briefy/Ada/Trybunka Zdro.md
DONE  → Briefy/Ada/Event na dachu Renomy Zumba (6a621a).md
DONE  → Briefy/Ada/Witryna w Galerii Madison.md
DONE  → Briefy/Ada/Plakaty - techniki oddechowe & trening siłowy dla mężczyzn.md
DONE  → Briefy/Ada/Zdrofit Szczecin - joga pod chmurką.md
DONE  → Briefy/Ada/PLAZA NOWE PLAKATY B1 (6a5e2e).md
DONE  → Briefy/Ada/Wesolandia - remont i przerwa technologiczna.md
DONE  → Briefy/Ada/OOH CL Przybyszewskiego (Stella).md
DONE  → Briefy/Ada/ZF Koneser dark post.md
DONE  → Briefy/Ada/ZF Przy Agorze - plakaty B1 (6a5df7).md
DONE  → Briefy/Ada/Dyplom uczestnictwa programu HR - Dzień w klubie.md
DONE  → Briefy/Ada/Dyplom uczestnictwa programu HR - Dzień w klubie (6a5de9).md
DONE  → Briefy/Ada/Zajęcia na plaży w Rewie (6a5dd8).md
DONE  → Briefy/Ada/RZEP + BANER.md
DONE  → Briefy/Ada/Sonova Video.md

── WALK ŁK  (WALK) ──
Brak zmian.

── Personal trello board  (Personal) ──
Brak zmian.

RAZEM zmian: 81
daily_note → OS/Daily/2026-08-12.md  (aktywne 19, pilne 1, feedback 7)

